src/app/api/analytics/overview/route.ts(53,11): error TS2353: Object literal may only specify known properties, and 'user' does not exist in type 'suppliersInclude<DefaultArgs>'.
src/app/api/analytics/overview/route.ts(72,11): error TS2353: Object literal may only specify known properties, and 'user' does not exist in type 'suppliersSelect<DefaultArgs>'.
src/app/api/analytics/overview/route.ts(80,11): error TS2353: Object literal may only specify known properties, and 'title' does not exist in type 'productsSelect<DefaultArgs>'.
src/app/api/analytics/overview/route.ts(92,45): error TS2339: Property 'products' does not exist on type '{ email: string | null; id: string; name: string | null; password: string; verified: boolean; createdAt: Date; updatedAt: Date; companyName: string | null; phone: string | null; ... 7 more ...; status: string; }'.
src/app/api/analytics/overview/route.ts(93,10): error TS7006: Parameter 'p' implicitly has an 'any' type.
src/app/api/analytics/overview/route.ts(95,40): error TS2339: Property 'products' does not exist on type '{ email: string | null; id: string; name: string | null; password: string; verified: boolean; createdAt: Date; updatedAt: Date; companyName: string | null; phone: string | null; ... 7 more ...; status: string; }'.
src/app/api/analytics/overview/route.ts(96,10): error TS7006: Parameter 'sum' implicitly has an 'any' type.
src/app/api/analytics/overview/route.ts(96,15): error TS7006: Parameter 'p' implicitly has an 'any' type.
src/app/api/analytics/overview/route.ts(99,38): error TS2339: Property 'products' does not exist on type '{ email: string | null; id: string; name: string | null; password: string; verified: boolean; createdAt: Date; updatedAt: Date; companyName: string | null; phone: string | null; ... 7 more ...; status: string; }'.
src/app/api/analytics/overview/route.ts(100,10): error TS7006: Parameter 'sum' implicitly has an 'any' type.
src/app/api/analytics/overview/route.ts(100,15): error TS7006: Parameter 'p' implicitly has an 'any' type.
src/app/api/analytics/overview/route.ts(108,31): error TS2339: Property 'user' does not exist on type '{ email: string | null; id: string; name: string | null; password: string; verified: boolean; createdAt: Date; updatedAt: Date; companyName: string | null; phone: string | null; ... 7 more ...; status: string; }'.
src/app/api/analytics/overview/route.ts(109,32): error TS2339: Property 'user' does not exist on type '{ email: string | null; id: string; name: string | null; password: string; verified: boolean; createdAt: Date; updatedAt: Date; companyName: string | null; phone: string | null; ... 7 more ...; status: string; }'.
src/app/api/analytics/overview/route.ts(110,33): error TS2339: Property '_count' does not exist on type '{ email: string | null; id: string; name: string | null; password: string; verified: boolean; createdAt: Date; updatedAt: Date; companyName: string | null; phone: string | null; ... 7 more ...; status: string; }'.
src/app/api/analytics/overview/route.ts(114,29): error TS2339: Property '_count' does not exist on type '{ email: string | null; id: string; name: string | null; password: string; verified: boolean; createdAt: Date; updatedAt: Date; companyName: string | null; phone: string | null; ... 7 more ...; status: string; }'.
src/app/api/analytics/route.ts(139,14): error TS2353: Object literal may only specify known properties, and 'userId' does not exist in type 'suppliersWhereUniqueInput'.
src/app/api/auth/reset-password/route.ts(132,15): error TS2353: Object literal may only specify known properties, and 'password' does not exist in type '(Without<usersUpdateInput, usersUncheckedUpdateInput> & usersUncheckedUpdateInput) | (Without<...> & usersUpdateInput)'.
src/app/api/auth/signup/route.ts(48,9): error TS2322: Type 'false' is not assignable to type 'string | Date | null | undefined'.
src/app/api/auth/verify/route.ts(43,15): error TS2322: Type 'true' is not assignable to type 'string | Date | NullableDateTimeFieldUpdateOperationsInput | null | undefined'.
src/app/api/auth/verify/route.ts(60,22): error TS2339: Property 'role' does not exist on type '{ email: string | null; id: string; name: string | null; createdAt: Date; updatedAt: Date; emailVerified: Date | null; image: string | null; }'.
src/app/api/chat/route.ts(27,31): error TS2551: Property 'chat' does not exist on type 'PrismaClient<PrismaClientOptions, never, DefaultArgs>'. Did you mean 'chats'?
src/app/api/chat/route.ts(37,20): error TS2551: Property 'chatProductReference' does not exist on type 'PrismaClient<PrismaClientOptions, never, DefaultArgs>'. Did you mean 'chat_product_references'?
src/app/api/chat/route.ts(70,32): error TS2551: Property 'chat' does not exist on type 'PrismaClient<PrismaClientOptions, never, DefaultArgs>'. Did you mean 'chats'?
src/app/api/inquiries/route.ts(44,9): error TS2353: Object literal may only specify known properties, and 'userId' does not exist in type 'Without<inquiriesCreateInput, inquiriesUncheckedCreateInput> & inquiriesUncheckedCreateInput'.
src/app/api/inquiries/route.ts(80,9): error TS2353: Object literal may only specify known properties, and 'userId' does not exist in type 'inquiriesWhereInput'.
src/app/api/inquiries/route.ts(86,13): error TS2353: Object literal may only specify known properties, and 'user' does not exist in type 'suppliersInclude<DefaultArgs>'.
src/app/api/likes/route.ts(29,9): error TS2353: Object literal may only specify known properties, and 'userId_productId' does not exist in type 'likedWhereUniqueInput'.
src/app/api/likes/route.ts(122,9): error TS2353: Object literal may only specify known properties, and 'product' does not exist in type 'likedInclude<DefaultArgs>'.
src/app/api/likes/route.ts(133,9): error TS2353: Object literal may only specify known properties, and 'createdAt' does not exist in type 'likedOrderByWithRelationInput | likedOrderByWithRelationInput[]'.
src/app/api/onboarding/route.ts(41,14): error TS2339: Property 'role' does not exist on type '{ email: string | null; id: string; name: string | null; createdAt: Date; updatedAt: Date; emailVerified: Date | null; image: string | null; }'.
src/app/api/onboarding/route.ts(53,16): error TS2353: Object literal may only specify known properties, and 'userId' does not exist in type 'suppliersWhereUniqueInput'.
src/app/api/onboarding/route.ts(56,9): error TS2353: Object literal may only specify known properties, and 'contactPhone' does not exist in type '(Without<suppliersUpdateInput, suppliersUncheckedUpdateInput> & suppliersUncheckedUpdateInput) | (Without<...> & suppliersUpdateInput)'.
src/app/api/onboarding/route.ts(62,9): error TS2353: Object literal may only specify known properties, and 'userId' does not exist in type '(Without<suppliersCreateInput, suppliersUncheckedCreateInput> & suppliersUncheckedCreateInput) | (Without<...> & suppliersCreateInput)'.
src/app/api/onboarding/route.ts(72,9): error TS2353: Object literal may only specify known properties, and 'contactPhone' does not exist in type 'suppliersSelect<DefaultArgs>'.
src/app/api/products/[id]/route.ts(25,16): error TS2353: Object literal may only specify known properties, and 'userId' does not exist in type 'suppliersWhereUniqueInput'.
src/app/api/products/[id]/route.ts(80,16): error TS2353: Object literal may only specify known properties, and 'userId' does not exist in type 'suppliersWhereUniqueInput'.
src/app/api/products/[id]/route.ts(136,40): error TS2339: Property 'pdfFiles' does not exist on type '{ id: string; name: string | null; createdAt: Date; updatedAt: Date; description: string; status: string; supplierId: string; category: string; price: number | null; unit: string | null; ... 7 more ...; recommendations: number; }'.
src/app/api/products/[id]/route.ts(161,9): error TS2353: Object literal may only specify known properties, and 'title' does not exist in type '(Without<productsUpdateInput, productsUncheckedUpdateInput> & productsUncheckedUpdateInput) | (Without<...> & productsUpdateInput)'.
src/app/api/products/[id]/route.ts(161,41): error TS2339: Property 'title' does not exist on type '{ id: string; name: string | null; createdAt: Date; updatedAt: Date; description: string; status: string; supplierId: string; category: string; price: number | null; unit: string | null; ... 7 more ...; recommendations: number; }'.
src/app/api/products/[id]/route.ts(162,58): error TS2551: Property 'shortDescription' does not exist on type '{ id: string; name: string | null; createdAt: Date; updatedAt: Date; description: string; status: string; supplierId: string; category: string; price: number | null; unit: string | null; ... 7 more ...; recommendations: number; }'. Did you mean 'description'?
src/app/api/products/[id]/route.ts(163,57): error TS2551: Property 'fullDescription' does not exist on type '{ id: string; name: string | null; createdAt: Date; updatedAt: Date; description: string; status: string; supplierId: string; category: string; price: number | null; unit: string | null; ... 7 more ...; recommendations: number; }'. Did you mean 'description'?
src/app/api/products/[id]/route.ts(164,66): error TS2339: Property 'specifications' does not exist on type '{ id: string; name: string | null; createdAt: Date; updatedAt: Date; description: string; status: string; supplierId: string; category: string; price: number | null; unit: string | null; ... 7 more ...; recommendations: number; }'.
src/app/api/products/[id]/route.ts(174,51): error TS2345: Argument of type '{ id: string; name: string | null; createdAt: Date; updatedAt: Date; description: string; status: string; supplierId: string; category: string; price: number | null; unit: string | null; ... 7 more ...; recommendations: number; }' is not assignable to parameter of type '{ id: string; supplierId: string; title: string; shortDescription: string; fullDescription: string; specifications?: string | null | undefined; tags: string[]; images: string[]; pdfFiles: string[]; }'.
  Type '{ id: string; name: string | null; createdAt: Date; updatedAt: Date; description: string; status: string; supplierId: string; category: string; price: number | null; unit: string | null; ... 7 more ...; recommendations: number; }' is missing the following properties from type '{ id: string; supplierId: string; title: string; shortDescription: string; fullDescription: string; specifications?: string | null | undefined; tags: string[]; images: string[]; pdfFiles: string[]; }': title, shortDescription, fullDescription, pdfFiles
src/app/api/products/[id]/route.ts(178,51): error TS2345: Argument of type '{ id: string; name: string | null; createdAt: Date; updatedAt: Date; description: string; status: string; supplierId: string; category: string; price: number | null; unit: string | null; ... 7 more ...; recommendations: number; }' is not assignable to parameter of type '{ id: string; supplierId: string; title: string; shortDescription: string; fullDescription: string; specifications?: string | null | undefined; tags: string[]; images: string[]; pdfFiles: string[]; }'.
  Type '{ id: string; name: string | null; createdAt: Date; updatedAt: Date; description: string; status: string; supplierId: string; category: string; price: number | null; unit: string | null; ... 7 more ...; recommendations: number; }' is missing the following properties from type '{ id: string; supplierId: string; title: string; shortDescription: string; fullDescription: string; specifications?: string | null | undefined; tags: string[]; images: string[]; pdfFiles: string[]; }': title, shortDescription, fullDescription, pdfFiles
src/app/api/products/[id]/route.ts(215,16): error TS2353: Object literal may only specify known properties, and 'userId' does not exist in type 'suppliersWhereUniqueInput'.
src/app/api/products/[id]/route.ts(246,22): error TS2339: Property 'title' does not exist on type '{ id: string; name: string | null; createdAt: Date; updatedAt: Date; description: string; status: string; supplierId: string; category: string; price: number | null; unit: string | null; ... 7 more ...; recommendations: number; }'.
src/app/api/products/[id]/route.ts(250,48): error TS2339: Property 'pdfFiles' does not exist on type '{ id: string; name: string | null; createdAt: Date; updatedAt: Date; description: string; status: string; supplierId: string; category: string; price: number | null; unit: string | null; ... 7 more ...; recommendations: number; }'.
src/app/api/products/[id]/route.ts(250,72): error TS2339: Property 'pdfFiles' does not exist on type '{ id: string; name: string | null; createdAt: Date; updatedAt: Date; description: string; status: string; supplierId: string; category: string; price: number | null; unit: string | null; ... 7 more ...; recommendations: number; }'.
src/app/api/products/[id]/route.ts(266,20): error TS2551: Property 'chatProductReference' does not exist on type 'PrismaClient<PrismaClientOptions, never, DefaultArgs>'. Did you mean 'chat_product_references'?
src/app/api/products/[id]/route.ts(358,48): error TS2345: Argument of type '{ id: string; name: string | null; createdAt: Date; updatedAt: Date; description: string; status: string; supplierId: string; category: string; price: number | null; unit: string | null; ... 7 more ...; recommendations: number; }' is not assignable to parameter of type '{ id: string; supplierId: string; title: string; shortDescription: string; fullDescription: string; specifications?: string | null | undefined; tags: string[]; images: string[]; pdfFiles: string[]; }'.
  Type '{ id: string; name: string | null; createdAt: Date; updatedAt: Date; description: string; status: string; supplierId: string; category: string; price: number | null; unit: string | null; ... 7 more ...; recommendations: number; }' is missing the following properties from type '{ id: string; supplierId: string; title: string; shortDescription: string; fullDescription: string; specifications?: string | null | undefined; tags: string[]; images: string[]; pdfFiles: string[]; }': title, shortDescription, fullDescription, pdfFiles
src/app/api/products/add/route.ts(95,16): error TS2353: Object literal may only specify known properties, and 'userId' does not exist in type 'suppliersWhereUniqueInput'.
src/app/api/products/add/route.ts(112,9): error TS2353: Object literal may only specify known properties, and 'title' does not exist in type 'Without<productsCreateInput, productsUncheckedCreateInput> & productsUncheckedCreateInput'.
src/app/api/products/add/route.ts(128,48): error TS2345: Argument of type '{ id: string; name: string | null; createdAt: Date; updatedAt: Date; description: string; status: string; supplierId: string; category: string; price: number | null; unit: string | null; ... 7 more ...; recommendations: number; }' is not assignable to parameter of type '{ id: string; supplierId: string; title: string; shortDescription: string; fullDescription: string; specifications?: string | null | undefined; tags: string[]; images: string[]; pdfFiles: string[]; }'.
  Type '{ id: string; name: string | null; createdAt: Date; updatedAt: Date; description: string; status: string; supplierId: string; category: string; price: number | null; unit: string | null; ... 7 more ...; recommendations: number; }' is missing the following properties from type '{ id: string; supplierId: string; title: string; shortDescription: string; fullDescription: string; specifications?: string | null | undefined; tags: string[]; images: string[]; pdfFiles: string[]; }': title, shortDescription, fullDescription, pdfFiles
src/app/api/products/list/route.ts(18,16): error TS2353: Object literal may only specify known properties, and 'userId' does not exist in type 'suppliersWhereUniqueInput'.
src/app/api/supplier/inquiries/route.ts(26,16): error TS2353: Object literal may only specify known properties, and 'userId' does not exist in type 'suppliersWhereUniqueInput'.
src/app/api/supplier/inquiries/route.ts(41,9): error TS2353: Object literal may only specify known properties, and 'product' does not exist in type 'inquiriesInclude<DefaultArgs>'.
src/app/api/supplier/inquiries/route.ts(90,16): error TS2353: Object literal may only specify known properties, and 'userId' does not exist in type 'suppliersWhereUniqueInput'.
src/app/api/supplier/profile/route.ts(20,9): error TS2353: Object literal may only specify known properties, and 'supplier' does not exist in type 'usersInclude<DefaultArgs>'.
src/app/api/supplier/profile/route.ts(24,24): error TS2339: Property 'supplier' does not exist on type '{ email: string | null; id: string; name: string | null; createdAt: Date; updatedAt: Date; emailVerified: Date | null; image: string | null; }'.
src/app/api/supplier/profile/route.ts(35,16): error TS2339: Property 'supplier' does not exist on type '{ email: string | null; id: string; name: string | null; createdAt: Date; updatedAt: Date; emailVerified: Date | null; image: string | null; }'.
src/app/api/supplier/profile/route.ts(38,25): error TS2339: Property 'supplier' does not exist on type '{ email: string | null; id: string; name: string | null; createdAt: Date; updatedAt: Date; emailVerified: Date | null; image: string | null; }'.
src/app/api/supplier/profile/route.ts(39,19): error TS2339: Property 'supplier' does not exist on type '{ email: string | null; id: string; name: string | null; createdAt: Date; updatedAt: Date; emailVerified: Date | null; image: string | null; }'.
src/app/api/supplier/profile/route.ts(40,21): error TS2339: Property 'supplier' does not exist on type '{ email: string | null; id: string; name: string | null; createdAt: Date; updatedAt: Date; emailVerified: Date | null; image: string | null; }'.
src/app/api/supplier/profile/route.ts(41,25): error TS2339: Property 'supplier' does not exist on type '{ email: string | null; id: string; name: string | null; createdAt: Date; updatedAt: Date; emailVerified: Date | null; image: string | null; }'.
src/app/api/supplier/profile/route.ts(43,23): error TS2339: Property 'supplier' does not exist on type '{ email: string | null; id: string; name: string | null; createdAt: Date; updatedAt: Date; emailVerified: Date | null; image: string | null; }'.
src/app/api/supplier/profile/route.ts(73,16): error TS2353: Object literal may only specify known properties, and 'userId' does not exist in type 'suppliersWhereUniqueInput'.
src/app/api/supplier/profile/route.ts(76,9): error TS2353: Object literal may only specify known properties, and 'contactPhone' does not exist in type '(Without<suppliersUpdateInput, suppliersUncheckedUpdateInput> & suppliersUncheckedUpdateInput) | (Without<...> & suppliersUpdateInput)'.
src/app/api/supplier/profile/route.ts(83,9): error TS2353: Object literal may only specify known properties, and 'contactPhone' does not exist in type 'suppliersSelect<DefaultArgs>'.
src/lib/auth.ts(14,13): error TS2322: Type '(credentials: Partial<Record<"email" | "password", unknown>>) => Promise<{ id: string; email: string | null; name: string; role: any; companyName: any; verified: Date; }>' is not assignable to type '(credentials: Partial<Record<"email" | "password", unknown>>, request: Request) => Awaitable<User | null>'.
  Type 'Promise<{ id: string; email: string | null; name: string; role: any; companyName: any; verified: Date; }>' is not assignable to type 'Awaitable<User | null>'.
    Type 'Promise<{ id: string; email: string | null; name: string; role: any; companyName: any; verified: Date; }>' is not assignable to type 'PromiseLike<User | null>'.
      Types of property 'then' are incompatible.
        Type '<TResult1 = { id: string; email: string | null; name: string; role: any; companyName: any; verified: Date; }, TResult2 = never>(onfulfilled?: ((value: { id: string; email: string | null; name: string; role: any; companyName: any; verified: Date; }) => TResult1 | PromiseLike<...>) | null | undefined, onrejected?: ((r...' is not assignable to type '<TResult1 = User | null, TResult2 = never>(onfulfilled?: ((value: User | null) => TResult1 | PromiseLike<TResult1>) | null | undefined, onrejected?: ((reason: any) => TResult2 | PromiseLike<...>) | null | undefined) => PromiseLike<...>'.
          Types of parameters 'onfulfilled' and 'onfulfilled' are incompatible.
            Types of parameters 'value' and 'value' are incompatible.
              Type '{ id: string; email: string | null; name: string; role: any; companyName: any; verified: Date; }' is not assignable to type 'User'.
                Types of property 'email' are incompatible.
                  Type 'string | null' is not assignable to type 'string'.
                    Type 'null' is not assignable to type 'string'.
src/lib/auth.ts(22,13): error TS2353: Object literal may only specify known properties, and 'supplier' does not exist in type 'usersInclude<DefaultArgs>'.
src/lib/auth.ts(34,19): error TS2339: Property 'password' does not exist on type '{ email: string | null; id: string; name: string | null; createdAt: Date; updatedAt: Date; emailVerified: Date | null; image: string | null; }'.
src/lib/auth.ts(38,84): error TS2339: Property 'password' does not exist on type '{ email: string | null; id: string; name: string | null; createdAt: Date; updatedAt: Date; emailVerified: Date | null; image: string | null; }'.
src/lib/auth.ts(48,22): error TS2339: Property 'role' does not exist on type '{ email: string | null; id: string; name: string | null; createdAt: Date; updatedAt: Date; emailVerified: Date | null; image: string | null; }'.
src/lib/auth.ts(49,29): error TS2339: Property 'supplier' does not exist on type '{ email: string | null; id: string; name: string | null; createdAt: Date; updatedAt: Date; emailVerified: Date | null; image: string | null; }'.
