src/app/api/analytics/overview/route.ts(45,17): error TS2353: Object literal may only specify known properties, and 'matchCount' does not exist in type 'ProductsSumAggregateInputType'.
src/app/api/analytics/overview/route.ts(57,15): error TS2353: Object literal may only specify known properties, and 'matchCount' does not exist in type 'productsSelect<DefaultArgs>'.
src/app/api/analytics/overview/route.ts(72,11): error TS2353: Object literal may only specify known properties, and 'user' does not exist in type 'suppliersSelect<DefaultArgs>'.
src/app/api/analytics/overview/route.ts(80,11): error TS2353: Object literal may only specify known properties, and 'title' does not exist in type 'productsSelect<DefaultArgs>'.
src/app/api/analytics/overview/route.ts(88,26): error TS18048: 'productAggregate._sum' is possibly 'undefined'.
src/app/api/analytics/overview/route.ts(88,48): error TS2339: Property 'matchCount' does not exist on type '{ price?: number | null | undefined; minOrderQty?: number | null | undefined; views?: number | null | undefined; recommendations?: number | null | undefined; }'.
src/app/api/analytics/overview/route.ts(89,24): error TS18048: 'productAggregate._sum' is possibly 'undefined'.
src/app/api/analytics/overview/route.ts(89,46): error TS2339: Property 'viewCount' does not exist on type '{ price?: number | null | undefined; minOrderQty?: number | null | undefined; views?: number | null | undefined; recommendations?: number | null | undefined; }'.
src/app/api/analytics/overview/route.ts(92,45): error TS2339: Property 'products' does not exist on type '{ status: string; name: string | null; id: string; email: string | null; password: string; createdAt: Date; updatedAt: Date; companyName: string | null; phone: string | null; ... 7 more ...; verified: boolean; }'.
src/app/api/analytics/overview/route.ts(93,10): error TS7006: Parameter 'p' implicitly has an 'any' type.
src/app/api/analytics/overview/route.ts(95,40): error TS2339: Property 'products' does not exist on type '{ status: string; name: string | null; id: string; email: string | null; password: string; createdAt: Date; updatedAt: Date; companyName: string | null; phone: string | null; ... 7 more ...; verified: boolean; }'.
src/app/api/analytics/overview/route.ts(96,10): error TS7006: Parameter 'sum' implicitly has an 'any' type.
src/app/api/analytics/overview/route.ts(96,15): error TS7006: Parameter 'p' implicitly has an 'any' type.
src/app/api/analytics/overview/route.ts(99,38): error TS2339: Property 'products' does not exist on type '{ status: string; name: string | null; id: string; email: string | null; password: string; createdAt: Date; updatedAt: Date; companyName: string | null; phone: string | null; ... 7 more ...; verified: boolean; }'.
src/app/api/analytics/overview/route.ts(100,10): error TS7006: Parameter 'sum' implicitly has an 'any' type.
src/app/api/analytics/overview/route.ts(100,15): error TS7006: Parameter 'p' implicitly has an 'any' type.
src/app/api/analytics/overview/route.ts(108,31): error TS2339: Property 'user' does not exist on type '{ status: string; name: string | null; id: string; email: string | null; password: string; createdAt: Date; updatedAt: Date; companyName: string | null; phone: string | null; ... 7 more ...; verified: boolean; }'.
src/app/api/analytics/overview/route.ts(109,32): error TS2339: Property 'user' does not exist on type '{ status: string; name: string | null; id: string; email: string | null; password: string; createdAt: Date; updatedAt: Date; companyName: string | null; phone: string | null; ... 7 more ...; verified: boolean; }'.
src/app/api/analytics/overview/route.ts(110,33): error TS2339: Property '_count' does not exist on type '{ status: string; name: string | null; id: string; email: string | null; password: string; createdAt: Date; updatedAt: Date; companyName: string | null; phone: string | null; ... 7 more ...; verified: boolean; }'.
src/app/api/analytics/overview/route.ts(114,29): error TS2339: Property '_count' does not exist on type '{ status: string; name: string | null; id: string; email: string | null; password: string; createdAt: Date; updatedAt: Date; companyName: string | null; phone: string | null; ... 7 more ...; verified: boolean; }'.
src/app/api/analytics/route.ts(31,15): error TS2353: Object literal may only specify known properties, and 'matchCount' does not exist in type 'ProductsSumAggregateInputType'.
src/app/api/analytics/route.ts(46,21): error TS2353: Object literal may only specify known properties, and 'matchCount' does not exist in type 'productsSelect<DefaultArgs>'.
src/app/api/analytics/route.ts(58,9): error TS2353: Object literal may only specify known properties, and 'user' does not exist in type 'suppliersSelect<DefaultArgs>'.
src/app/api/analytics/route.ts(66,9): error TS2353: Object literal may only specify known properties, and 'title' does not exist in type 'productsSelect<DefaultArgs>'.
src/app/api/analytics/route.ts(76,24): error TS18048: 'productStats._sum' is possibly 'undefined'.
src/app/api/analytics/route.ts(76,42): error TS2339: Property 'matchCount' does not exist on type '{ price?: number | null | undefined; minOrderQty?: number | null | undefined; views?: number | null | undefined; recommendations?: number | null | undefined; }'.
src/app/api/analytics/route.ts(77,22): error TS18048: 'productStats._sum' is possibly 'undefined'.
src/app/api/analytics/route.ts(77,40): error TS2339: Property 'viewCount' does not exist on type '{ price?: number | null | undefined; minOrderQty?: number | null | undefined; views?: number | null | undefined; recommendations?: number | null | undefined; }'.
src/app/api/analytics/route.ts(80,43): error TS2339: Property 'products' does not exist on type '{ status: string; name: string | null; id: string; email: string | null; password: string; createdAt: Date; updatedAt: Date; companyName: string | null; phone: string | null; ... 7 more ...; verified: boolean; }'.
src/app/api/analytics/route.ts(81,8): error TS7006: Parameter 'p' implicitly has an 'any' type.
src/app/api/analytics/route.ts(83,43): error TS2339: Property 'products' does not exist on type '{ status: string; name: string | null; id: string; email: string | null; password: string; createdAt: Date; updatedAt: Date; companyName: string | null; phone: string | null; ... 7 more ...; verified: boolean; }'.
src/app/api/analytics/route.ts(84,8): error TS7006: Parameter 'sum' implicitly has an 'any' type.
src/app/api/analytics/route.ts(84,13): error TS7006: Parameter 'p' implicitly has an 'any' type.
src/app/api/analytics/route.ts(87,41): error TS2339: Property 'products' does not exist on type '{ status: string; name: string | null; id: string; email: string | null; password: string; createdAt: Date; updatedAt: Date; companyName: string | null; phone: string | null; ... 7 more ...; verified: boolean; }'.
src/app/api/analytics/route.ts(88,8): error TS7006: Parameter 'sum' implicitly has an 'any' type.
src/app/api/analytics/route.ts(88,13): error TS7006: Parameter 'p' implicitly has an 'any' type.
src/app/api/analytics/route.ts(96,29): error TS2339: Property 'user' does not exist on type '{ status: string; name: string | null; id: string; email: string | null; password: string; createdAt: Date; updatedAt: Date; companyName: string | null; phone: string | null; ... 7 more ...; verified: boolean; }'.
src/app/api/analytics/route.ts(97,30): error TS2339: Property 'user' does not exist on type '{ status: string; name: string | null; id: string; email: string | null; password: string; createdAt: Date; updatedAt: Date; companyName: string | null; phone: string | null; ... 7 more ...; verified: boolean; }'.
src/app/api/analytics/route.ts(98,31): error TS2339: Property '_count' does not exist on type '{ status: string; name: string | null; id: string; email: string | null; password: string; createdAt: Date; updatedAt: Date; companyName: string | null; phone: string | null; ... 7 more ...; verified: boolean; }'.
src/app/api/analytics/route.ts(102,27): error TS2339: Property '_count' does not exist on type '{ status: string; name: string | null; id: string; email: string | null; password: string; createdAt: Date; updatedAt: Date; companyName: string | null; phone: string | null; ... 7 more ...; verified: boolean; }'.
src/app/api/analytics/route.ts(139,14): error TS2353: Object literal may only specify known properties, and 'userId' does not exist in type 'suppliersWhereUniqueInput'.
src/app/api/analytics/route.ts(156,7): error TS2353: Object literal may only specify known properties, and 'title' does not exist in type 'productsSelect<DefaultArgs>'.
src/app/api/analytics/route.ts(163,7): error TS2353: Object literal may only specify known properties, and 'matchCount' does not exist in type 'productsOrderByWithRelationInput | productsOrderByWithRelationInput[]'.
src/app/api/analytics/route.ts(177,60): error TS2339: Property 'matchCount' does not exist on type '{ status: string; name: string | null; id: string; createdAt: Date; updatedAt: Date; description: string; supplierId: string; category: string; price: number | null; unit: string | null; ... 7 more ...; recommendations: number; }'.
src/app/api/analytics/route.ts(178,58): error TS2339: Property 'viewCount' does not exist on type '{ status: string; name: string | null; id: string; createdAt: Date; updatedAt: Date; description: string; supplierId: string; category: string; price: number | null; unit: string | null; ... 7 more ...; recommendations: number; }'.
src/app/api/auth/forgot-password/route.ts(18,31): error TS2551: Property 'user' does not exist on type 'PrismaClient<PrismaClientOptions, never, DefaultArgs>'. Did you mean 'users'?
src/app/api/auth/forgot-password/route.ts(34,18): error TS2551: Property 'verificationToken' does not exist on type 'PrismaClient<PrismaClientOptions, never, DefaultArgs>'. Did you mean 'verification_tokens'?
src/app/api/auth/reset-password/route.ts(19,44): error TS2551: Property 'verificationToken' does not exist on type 'PrismaClient<PrismaClientOptions, never, DefaultArgs>'. Did you mean 'verification_tokens'?
src/app/api/auth/reset-password/route.ts(33,20): error TS2551: Property 'verificationToken' does not exist on type 'PrismaClient<PrismaClientOptions, never, DefaultArgs>'. Did you mean 'verification_tokens'?
src/app/api/auth/reset-password/route.ts(43,31): error TS2551: Property 'user' does not exist on type 'PrismaClient<PrismaClientOptions, never, DefaultArgs>'. Did you mean 'users'?
src/app/api/auth/reset-password/route.ts(92,44): error TS2551: Property 'verificationToken' does not exist on type 'PrismaClient<PrismaClientOptions, never, DefaultArgs>'. Did you mean 'verification_tokens'?
src/app/api/auth/reset-password/route.ts(105,20): error TS2551: Property 'verificationToken' does not exist on type 'PrismaClient<PrismaClientOptions, never, DefaultArgs>'. Did you mean 'verification_tokens'?
src/app/api/auth/reset-password/route.ts(115,31): error TS2551: Property 'user' does not exist on type 'PrismaClient<PrismaClientOptions, never, DefaultArgs>'. Did you mean 'users'?
src/app/api/auth/reset-password/route.ts(130,18): error TS2551: Property 'user' does not exist on type 'PrismaClient<PrismaClientOptions, never, DefaultArgs>'. Did you mean 'users'?
src/app/api/auth/reset-password/route.ts(136,18): error TS2551: Property 'verificationToken' does not exist on type 'PrismaClient<PrismaClientOptions, never, DefaultArgs>'. Did you mean 'verification_tokens'?
src/app/api/auth/signup/route.ts(28,39): error TS2551: Property 'user' does not exist on type 'PrismaClient<PrismaClientOptions, never, DefaultArgs>'. Did you mean 'users'?
src/app/api/auth/signup/route.ts(43,31): error TS2551: Property 'user' does not exist on type 'PrismaClient<PrismaClientOptions, never, DefaultArgs>'. Did you mean 'users'?
src/app/api/auth/signup/route.ts(58,18): error TS2551: Property 'verificationToken' does not exist on type 'PrismaClient<PrismaClientOptions, never, DefaultArgs>'. Did you mean 'verification_tokens'?
src/app/api/auth/verify/route.ts(18,44): error TS2551: Property 'verificationToken' does not exist on type 'PrismaClient<PrismaClientOptions, never, DefaultArgs>'. Did you mean 'verification_tokens'?
src/app/api/auth/verify/route.ts(31,20): error TS2551: Property 'verificationToken' does not exist on type 'PrismaClient<PrismaClientOptions, never, DefaultArgs>'. Did you mean 'verification_tokens'?
src/app/api/auth/verify/route.ts(41,31): error TS2551: Property 'user' does not exist on type 'PrismaClient<PrismaClientOptions, never, DefaultArgs>'. Did you mean 'users'?
src/app/api/auth/verify/route.ts(47,18): error TS2551: Property 'verificationToken' does not exist on type 'PrismaClient<PrismaClientOptions, never, DefaultArgs>'. Did you mean 'verification_tokens'?
src/app/api/chat/route.ts(27,31): error TS2551: Property 'chat' does not exist on type 'PrismaClient<PrismaClientOptions, never, DefaultArgs>'. Did you mean 'chats'?
src/app/api/chat/route.ts(37,20): error TS2551: Property 'chatProductReference' does not exist on type 'PrismaClient<PrismaClientOptions, never, DefaultArgs>'. Did you mean 'chat_product_references'?
src/app/api/chat/route.ts(70,32): error TS2551: Property 'chat' does not exist on type 'PrismaClient<PrismaClientOptions, never, DefaultArgs>'. Did you mean 'chats'?
src/app/api/inquiries/route.ts(44,9): error TS2353: Object literal may only specify known properties, and 'userId' does not exist in type 'Without<inquiriesCreateInput, inquiriesUncheckedCreateInput> & inquiriesUncheckedCreateInput'.
src/app/api/inquiries/route.ts(80,9): error TS2353: Object literal may only specify known properties, and 'userId' does not exist in type 'inquiriesWhereInput'.
src/app/api/inquiries/route.ts(86,13): error TS2353: Object literal may only specify known properties, and 'user' does not exist in type 'suppliersInclude<DefaultArgs>'.
src/app/api/likes/route.ts(29,9): error TS2353: Object literal may only specify known properties, and 'userId_productId' does not exist in type 'likedWhereUniqueInput'.
src/app/api/likes/route.ts(122,9): error TS2353: Object literal may only specify known properties, and 'product' does not exist in type 'likedInclude<DefaultArgs>'.
src/app/api/likes/route.ts(133,9): error TS2353: Object literal may only specify known properties, and 'createdAt' does not exist in type 'likedOrderByWithRelationInput | likedOrderByWithRelationInput[]'.
src/app/api/onboarding/route.ts(17,31): error TS2551: Property 'user' does not exist on type 'PrismaClient<PrismaClientOptions, never, DefaultArgs>'. Did you mean 'users'?
src/app/api/onboarding/route.ts(53,16): error TS2353: Object literal may only specify known properties, and 'userId' does not exist in type 'suppliersWhereUniqueInput'.
src/app/api/onboarding/route.ts(56,9): error TS2353: Object literal may only specify known properties, and 'contactPhone' does not exist in type '(Without<suppliersUpdateInput, suppliersUncheckedUpdateInput> & suppliersUncheckedUpdateInput) | (Without<...> & suppliersUpdateInput)'.
src/app/api/onboarding/route.ts(62,9): error TS2353: Object literal may only specify known properties, and 'userId' does not exist in type '(Without<suppliersCreateInput, suppliersUncheckedCreateInput> & suppliersUncheckedCreateInput) | (Without<...> & suppliersCreateInput)'.
src/app/api/onboarding/route.ts(72,9): error TS2353: Object literal may only specify known properties, and 'contactPhone' does not exist in type 'suppliersSelect<DefaultArgs>'.
src/app/api/products/[id]/route.ts(25,16): error TS2353: Object literal may only specify known properties, and 'userId' does not exist in type 'suppliersWhereUniqueInput'.
src/app/api/products/[id]/route.ts(80,16): error TS2353: Object literal may only specify known properties, and 'userId' does not exist in type 'suppliersWhereUniqueInput'.
src/app/api/products/[id]/route.ts(136,40): error TS2339: Property 'pdfFiles' does not exist on type '{ status: string; name: string | null; id: string; createdAt: Date; updatedAt: Date; description: string; supplierId: string; category: string; price: number | null; unit: string | null; ... 7 more ...; recommendations: number; }'.
src/app/api/products/[id]/route.ts(161,9): error TS2353: Object literal may only specify known properties, and 'title' does not exist in type '(Without<productsUpdateInput, productsUncheckedUpdateInput> & productsUncheckedUpdateInput) | (Without<...> & productsUpdateInput)'.
src/app/api/products/[id]/route.ts(161,41): error TS2339: Property 'title' does not exist on type '{ status: string; name: string | null; id: string; createdAt: Date; updatedAt: Date; description: string; supplierId: string; category: string; price: number | null; unit: string | null; ... 7 more ...; recommendations: number; }'.
src/app/api/products/[id]/route.ts(162,58): error TS2551: Property 'shortDescription' does not exist on type '{ status: string; name: string | null; id: string; createdAt: Date; updatedAt: Date; description: string; supplierId: string; category: string; price: number | null; unit: string | null; ... 7 more ...; recommendations: number; }'. Did you mean 'description'?
src/app/api/products/[id]/route.ts(163,57): error TS2551: Property 'fullDescription' does not exist on type '{ status: string; name: string | null; id: string; createdAt: Date; updatedAt: Date; description: string; supplierId: string; category: string; price: number | null; unit: string | null; ... 7 more ...; recommendations: number; }'. Did you mean 'description'?
src/app/api/products/[id]/route.ts(164,66): error TS2339: Property 'specifications' does not exist on type '{ status: string; name: string | null; id: string; createdAt: Date; updatedAt: Date; description: string; supplierId: string; category: string; price: number | null; unit: string | null; ... 7 more ...; recommendations: number; }'.
src/app/api/products/[id]/route.ts(174,51): error TS2345: Argument of type '{ status: string; name: string | null; id: string; createdAt: Date; updatedAt: Date; description: string; supplierId: string; category: string; price: number | null; unit: string | null; ... 7 more ...; recommendations: number; }' is not assignable to parameter of type '{ id: string; supplierId: string; title: string; shortDescription: string; fullDescription: string; specifications?: string | null | undefined; tags: string[]; images: string[]; pdfFiles: string[]; }'.
  Type '{ status: string; name: string | null; id: string; createdAt: Date; updatedAt: Date; description: string; supplierId: string; category: string; price: number | null; unit: string | null; ... 7 more ...; recommendations: number; }' is missing the following properties from type '{ id: string; supplierId: string; title: string; shortDescription: string; fullDescription: string; specifications?: string | null | undefined; tags: string[]; images: string[]; pdfFiles: string[]; }': title, shortDescription, fullDescription, pdfFiles
src/app/api/products/[id]/route.ts(178,51): error TS2345: Argument of type '{ status: string; name: string | null; id: string; createdAt: Date; updatedAt: Date; description: string; supplierId: string; category: string; price: number | null; unit: string | null; ... 7 more ...; recommendations: number; }' is not assignable to parameter of type '{ id: string; supplierId: string; title: string; shortDescription: string; fullDescription: string; specifications?: string | null | undefined; tags: string[]; images: string[]; pdfFiles: string[]; }'.
  Type '{ status: string; name: string | null; id: string; createdAt: Date; updatedAt: Date; description: string; supplierId: string; category: string; price: number | null; unit: string | null; ... 7 more ...; recommendations: number; }' is missing the following properties from type '{ id: string; supplierId: string; title: string; shortDescription: string; fullDescription: string; specifications?: string | null | undefined; tags: string[]; images: string[]; pdfFiles: string[]; }': title, shortDescription, fullDescription, pdfFiles
src/app/api/products/[id]/route.ts(215,16): error TS2353: Object literal may only specify known properties, and 'userId' does not exist in type 'suppliersWhereUniqueInput'.
src/app/api/products/[id]/route.ts(246,22): error TS2339: Property 'title' does not exist on type '{ status: string; name: string | null; id: string; createdAt: Date; updatedAt: Date; description: string; supplierId: string; category: string; price: number | null; unit: string | null; ... 7 more ...; recommendations: number; }'.
src/app/api/products/[id]/route.ts(250,48): error TS2339: Property 'pdfFiles' does not exist on type '{ status: string; name: string | null; id: string; createdAt: Date; updatedAt: Date; description: string; supplierId: string; category: string; price: number | null; unit: string | null; ... 7 more ...; recommendations: number; }'.
src/app/api/products/[id]/route.ts(250,72): error TS2339: Property 'pdfFiles' does not exist on type '{ status: string; name: string | null; id: string; createdAt: Date; updatedAt: Date; description: string; supplierId: string; category: string; price: number | null; unit: string | null; ... 7 more ...; recommendations: number; }'.
src/app/api/products/[id]/route.ts(266,20): error TS2551: Property 'chatProductReference' does not exist on type 'PrismaClient<PrismaClientOptions, never, DefaultArgs>'. Did you mean 'chat_product_references'?
src/app/api/products/[id]/route.ts(358,48): error TS2345: Argument of type '{ status: string; name: string | null; id: string; createdAt: Date; updatedAt: Date; description: string; supplierId: string; category: string; price: number | null; unit: string | null; ... 7 more ...; recommendations: number; }' is not assignable to parameter of type '{ id: string; supplierId: string; title: string; shortDescription: string; fullDescription: string; specifications?: string | null | undefined; tags: string[]; images: string[]; pdfFiles: string[]; }'.
  Type '{ status: string; name: string | null; id: string; createdAt: Date; updatedAt: Date; description: string; supplierId: string; category: string; price: number | null; unit: string | null; ... 7 more ...; recommendations: number; }' is missing the following properties from type '{ id: string; supplierId: string; title: string; shortDescription: string; fullDescription: string; specifications?: string | null | undefined; tags: string[]; images: string[]; pdfFiles: string[]; }': title, shortDescription, fullDescription, pdfFiles
src/app/api/products/add/route.ts(95,16): error TS2353: Object literal may only specify known properties, and 'userId' does not exist in type 'suppliersWhereUniqueInput'.
src/app/api/products/add/route.ts(112,9): error TS2353: Object literal may only specify known properties, and 'title' does not exist in type 'Without<productsCreateInput, productsUncheckedCreateInput> & productsUncheckedCreateInput'.
src/app/api/products/add/route.ts(128,48): error TS2345: Argument of type '{ status: string; name: string | null; id: string; createdAt: Date; updatedAt: Date; description: string; supplierId: string; category: string; price: number | null; unit: string | null; ... 7 more ...; recommendations: number; }' is not assignable to parameter of type '{ id: string; supplierId: string; title: string; shortDescription: string; fullDescription: string; specifications?: string | null | undefined; tags: string[]; images: string[]; pdfFiles: string[]; }'.
  Type '{ status: string; name: string | null; id: string; createdAt: Date; updatedAt: Date; description: string; supplierId: string; category: string; price: number | null; unit: string | null; ... 7 more ...; recommendations: number; }' is missing the following properties from type '{ id: string; supplierId: string; title: string; shortDescription: string; fullDescription: string; specifications?: string | null | undefined; tags: string[]; images: string[]; pdfFiles: string[]; }': title, shortDescription, fullDescription, pdfFiles
src/app/api/products/list/route.ts(18,16): error TS2353: Object literal may only specify known properties, and 'userId' does not exist in type 'suppliersWhereUniqueInput'.
src/app/api/supplier/inquiries/route.ts(26,16): error TS2353: Object literal may only specify known properties, and 'userId' does not exist in type 'suppliersWhereUniqueInput'.
src/app/api/supplier/inquiries/route.ts(41,9): error TS2353: Object literal may only specify known properties, and 'product' does not exist in type 'inquiriesInclude<DefaultArgs>'.
src/app/api/supplier/inquiries/route.ts(90,16): error TS2353: Object literal may only specify known properties, and 'userId' does not exist in type 'suppliersWhereUniqueInput'.
src/app/api/supplier/profile/route.ts(17,31): error TS2551: Property 'user' does not exist on type 'PrismaClient<PrismaClientOptions, never, DefaultArgs>'. Did you mean 'users'?
src/app/api/supplier/profile/route.ts(73,16): error TS2353: Object literal may only specify known properties, and 'userId' does not exist in type 'suppliersWhereUniqueInput'.
src/app/api/supplier/profile/route.ts(76,9): error TS2353: Object literal may only specify known properties, and 'contactPhone' does not exist in type '(Without<suppliersUpdateInput, suppliersUncheckedUpdateInput> & suppliersUncheckedUpdateInput) | (Without<...> & suppliersUpdateInput)'.
src/app/api/supplier/profile/route.ts(83,9): error TS2353: Object literal may only specify known properties, and 'contactPhone' does not exist in type 'suppliersSelect<DefaultArgs>'.
src/lib/auth.ts(19,35): error TS2551: Property 'user' does not exist on type 'PrismaClient<PrismaClientOptions, never, DefaultArgs>'. Did you mean 'users'?
